[Info] Saving new project file [C:\DOS\PALASM\D4-SADOD\D4-SADOD.wcp]
[Info] Adding existing CUPL design file into project
[Info] Adding existing CUPL simulation input file into project
[Info] Current project being saved
[Info] Running compilation ...

===================================== Compiler Message Begins =====================================
cuplx
time: 0 secs
cupla
time: 0 secs
cuplb
[0016cb] Please note: no expression assigned to:  A0.ar
[0016cb] Please note: no expression assigned to:  A0.sp
[0016cb] Please note: no expression assigned to:  A1.ar
[0016cb] Please note: no expression assigned to:  A1.sp
[0016cb] Please note: no expression assigned to:  ALST.ar
[0016cb] Please note: no expression assigned to:  ALST.sp
[0016cb] Please note: no expression assigned to:  BHE.ar
[0016cb] Please note: no expression assigned to:  BHE.sp
time: 0 secs
cuplm
time: 1 secs
cuplc
time: 0 secs
total time: 1 secs
Normal exit
Error Code = 0

====================================== Compiler Message Ends ======================================
[Info] Design compiled successfully
[Info] Running compilation and simulation ...

================================ Compiler/Simulator Message Begins ================================
cuplx
time: 0 secs
cupla
time: 0 secs
cuplb
[0016cb] Please note: no expression assigned to:  A0.ar
[0016cb] Please note: no expression assigned to:  A0.sp
[0016cb] Please note: no expression assigned to:  A1.ar
[0016cb] Please note: no expression assigned to:  A1.sp
[0016cb] Please note: no expression assigned to:  ALST.ar
[0016cb] Please note: no expression assigned to:  ALST.sp
[0016cb] Please note: no expression assigned to:  BHE.ar
[0016cb] Please note: no expression assigned to:  BHE.sp
time: 0 secs
cuplm
time: 0 secs
cuplc
time: 0 secs
csima
time: 0 secs
total time: 0 secs
Normal exit
Error Code = 0

================================= Compiler/Simulator Message Ends =================================
[Info] Design compiled and simulated successfully
