LISTING FOR LOGIC DESCRIPTION FILE: D4-SROMA.pld                     Page 1

CUPL(WM): Universal Compiler for Programmable Logic
Version 5.0a Serial# MW-10400000
Copyright (c) 1983, 1998 Logical Devices, Inc.
Created Thu May 07 16:48:16 2026

  1:NAME         D4-SROMA ;
  2:PARTNO       XXXXX ;
  3:REV          XX ;
  4:DATE         XX/XX/XX ;
  5:DESIGNER     XXXXX ;
  6:COMPANY      XXXXX ;
  7:ASSEMBLY     XXXXX ;
  8:LOCATION     XXXXX ;
  9:
 10:/* PAL16L8 */
 11:
 12:/*                                                PAL DESIGN SPECIFICATION */
 13:
 14:/* D4-SROMA 108135-001                                  PAUL R. CULLEY    06/26/86 */
 15:
 16:/* System ROM decode logic */
 17:
 18:/* Copyright 1986 Compaq Computer Houston, Texas */
 19:
 20:
 21:PIN 1 = BALE ;
 22:PIN 2 = LA23 ;
 23:PIN 3 = LA22 ;
 24:PIN 4 = LA21 ;
 25:PIN 5 = LA20 ;
 26:PIN 6 = LA19 ;
 27:PIN 7 = LA18 ;
 28:PIN 8 = LA17 ;
 29:PIN 9 = SA16 ;
 30:PIN 11 = !MRDC ;
 31:PIN 12 = !ROMIOE ;
 32:PIN 13 = !RFSH ;
 33:PIN 14 = !M32 ;
 34:PIN 15 = !M16E ;
 35:PIN 16 = !ROM ;
 36:PIN 17 = !ROMEN ;
 37:PIN 18 = !LOWEN ;
 38:PIN 19 = !ROM20E ;
 39:                      
 40:         
 41:
 42: 
 43:M16E =
 44:  !LA23 & !LA22 & !LA21 & !LA20 & LA19 & LA18 & LA17        /* 00E0000h-00FFFFFh */
 45: # LA23 &  LA22 &  LA21 &  LA20 & LA19 & LA18 & LA17        /* 0FE0000h-0FFFFFFh */
 46: # M32;  
 47:     
 48:  
 49:ROM =
 50:  !LA23 & !LA22 & !LA21 & !LA20 & LA19 & LA18 & LA17 & BALE /* 00E0000h-00FFFFFh */
 51:#  LA23 &  LA22 &  LA21 &  LA20 & LA19 & LA18 & LA17 & BALE /* 0FE0000h-0FFFFFFh */
 52:# !LA23 & !LA22 & !LA21 & !LA20 & LA19 & LA18 & LA17 & ROM  /* DEGLITCH */
 53:#  LA23 &  LA22 &  LA21 &  LA20 & LA19 & LA18 & LA17 & ROM  /* DEGLITCH */

LISTING FOR LOGIC DESCRIPTION FILE: D4-SROMA.pld                     Page 2

CUPL(WM): Universal Compiler for Programmable Logic
Version 5.0a Serial# MW-10400000
Copyright (c) 1983, 1998 Logical Devices, Inc.
Created Thu May 07 16:48:16 2026

 54:# !BALE &  ROM;                                             /* LATCH TERM */
 55:                                       
 56: 
 57:ROMIOE =
 58:  ROM  & SA16  & MRDC;                                      /* 00F0000h-00FFFFFh  */
 59:                                                            /* 0FF0000h-0FFFFFFh */
 60:                                                                                     
 61: 
 62:ROM20E = ROM  & !SA16  & MRDC;                              /* 00E0000h-00EFFFFh  */
 63:                                                            /* 0FE0000h-0FEFFFFh */
 64:  
 65:ROMEN =
 66:  ROM  & MRDC;                                              /* BUFFER ENABLE */
 67:                                     
 68: 
 69:LOWEN =
 70:  !LA23 & !LA22 & !LA21 & !LA20 & BALE                      /* BOTTOM ONE MEGABYTE AND BALE */
 71:# !LA23 & !LA22 & !LA21 & !LA20 & LOWEN                     /* DEGLITCH TERM */
 72:# !BALE & LOWEN                                             /* LATCH TERM */
 73:# RFSH;                                                     /* AND REFRESH */
 74:                                                  
 75:
 76:
 77:/*
 78:DESCRIPTION
 79:This PAL is used in the D4 (386) processor board to decode ROM addresses
 80:within the two ranges 0FE0000h-0FFFFFFh and 00E0000h-00FFFFFh. It also
 81:generates the signal that controls the ROM data buffer RD<15..0> and the
 82:signal M16 (memory is 16 bits) during ROM accesses.
 83:The signal LOWEN* is generated by this PAL to indicate when the low one
 84:megabyte of the system is being accessed.
 85:
 86:*/
 87:
 88:



Jedec Fuse Checksum       (54b2)
Jedec Transmit Checksum   (1adf)
