LISTING FOR LOGIC DESCRIPTION FILE: D4-SDEND.pld                     Page 1

CUPL(WM): Universal Compiler for Programmable Logic
Version 5.0a Serial# MW-10400000
Copyright (c) 1983, 1998 Logical Devices, Inc.
Created Sun Jul 26 22:02:40 2026

  1:Name            D4-SDEND DataBuffer enable logic;
  2:PartNo          109390-001;
  3:Revision        01;
  4:Date            16/5/26;
  5:Designer        Dave Henry;
  6:Company         Breadboarding Labs;
  7:Location        None;
  8:Assembly        None;
  9:Device          g16v8;
 10:
 11:/* 16/05/2026 V1 Initial version converted from PALASM format in COMPAQ design doc         */
 12:/* 26/07/2026 V2 Corrected Pin 11 !TST to be active high in oe. conditions                 */
 13:/*                                                                                         */
 14:/*******************************************************************************************/
 15:/*                                                                                         */
 16:/*******************************************************************************************/
 17:/*
 18:DESCRIPTION
 19:This PAL developes the control signal to enable the data buffers on the system
 20:board.
 21:Rev A ensures turnon of the buffer enables for mem write after the direction 
 22:is active by leaving the buffer turned around during the entire write cycle.
 23:Rev D is for use with D3PE D4-processor board (with 387).
 24:*/
 25:/* Pin Map 
 26:                               ______________
 27:                              |   D4-SDEND   |
 28:                       A1 x---|1           20|---x Vcc                      
 29:                       A0 x---|2           19|---x !B3EN                    
 30:                     !BHE x---|3           18|---x !MRDC                    
 31:                     !CMD x---|4           17|---x !MWTC                    
 32:                     !M32 x---|5           16|---x !INTA                    
 33:                    !WDEN x---|6           15|---x !B2EN                    
 34:                     LW_R x---|7           14|---x !B1EN                    
 35:                     LD_C x---|8           13|---x !B0EN                    
 36:                    LM_IO x---|9           12|---x !BDIRRD                  
 37:                      GND x---|10          11|---x !TST                     
 38:                              |______________|
 39:
 40:*/
 41:
 42:
 43:PIN 1 = A1 ;
 44:PIN 2 = A0 ;
 45:PIN 3 = !BHE ;
 46:PIN 4 = !CMD ;
 47:PIN 5 = !M32 ;
 48:PIN 6 = !WDEN ;
 49:PIN 7 = LW_R ;
 50:PIN 8 = LD_C ;
 51:PIN 9 = LM_IO ;
 52:PIN 11 = !TST ;
 53:PIN 12 = !BDIRRD ;

LISTING FOR LOGIC DESCRIPTION FILE: D4-SDEND.pld                     Page 2

CUPL(WM): Universal Compiler for Programmable Logic
Version 5.0a Serial# MW-10400000
Copyright (c) 1983, 1998 Logical Devices, Inc.
Created Sun Jul 26 22:02:40 2026

 54:PIN 13 = !B0EN ;
 55:PIN 14 = !B1EN ;
 56:PIN 15 = !B2EN ;
 57:PIN 16 = !INTA ;
 58:PIN 17 = !MWTC ;
 59:PIN 18 = !MRDC ;
 60:PIN 19 = !B3EN ;
 61:
 62:                        
 63:            
 64:BDIRRD.OE = TST ;
 65:   
 66:BDIRRD = !MRDC & !WDEN;            /* OTHER WRITE TO LOCAL MEM */
 67:                
 68:
 69:B0EN.OE = TST ;
 70:   
 71:B0EN =
 72:  !A1 & !A0 & MWTC & !WDEN         /* OTHER WRITE TO LOCAL MEM */
 73:# !A1 & !A0 & MRDC & !WDEN & M32   /* OTHER READ FROM LOCAL MEM */
 74:# !A1 & !A0 & LD_C & LW_R & WDEN;  /* CPU WRITE TO BUS */
 75:    
 76:
 77:B1EN.OE = TST ;
 78:   
 79:B1EN =
 80:  !A1 & BHE & MWTC & !WDEN         /* OTHER WRITE TO LOCAL MEM */
 81:# !A1 & BHE & MRDC & !WDEN & M32   /* OTHER READ FROM LOCAL MEM */
 82:# !A1 & BHE & LD_C & LW_R & WDEN;  /* CPU WRITE TO BUS */
 83:    
 84:
 85:B2EN.OE = TST ;
 86:   
 87:B2EN =
 88:  A1 & !A0 & MWTC & !WDEN          /* OTHER WRITE TO LOCAL MEM */
 89:# A1 & !A0 & MRDC & !WDEN & M32    /* OTHER READ FROM LOCAL MEM */
 90:# A1 & !A0 & LD_C &  LW_R & WDEN;  /* CPU WRITE TO BUS */
 91:                    
 92:
 93:B3EN.OE = TST ;
 94:   
 95:B3EN =
 96:  A1 & BHE & MWTC & !WDEN          /* OTHER WRITE TO LOCAL MEM */
 97:# A1 & BHE & MRDC & !WDEN & M32    /* OTHER READ FROM LOCAL MEM */
 98:# A1 & BHE & LD_C & LW_R  & WDEN;  /* CPU WRITE TO BUS */
 99:                    
100:
101:INTA.OE = TST ;
102:   
103:INTA =
104:   CMD & !LM_IO & !LW_R & !LD_C;   /* CPU INTERRUPT ACK */
105:
106:
107:



Jedec Fuse Checksum       (5485)
Jedec Transmit Checksum   (2025)
